(INFO) [2026-10-08 11:53:18,826] Facebook Auto Poster started
(INFO) [2026-10-08 11:53:18,827] config loaded successfully...
(INFO) [2026-10-08 11:53:18,827] last_batch.csv successfully loaded...
(INFO) [2026-10-08 11:53:18,827] attempting to fetch recent arrests...
(INFO) [2026-10-08 11:53:20,215] successfully retrieved 20 arrest(s)...
(INFO) [2026-10-08 11:53:20,216] removing arrests with no image...
(INFO) [2026-10-08 11:53:20,216] removing duplicate posts...
(INFO) [2026-10-08 11:53:20,216] attempting to post arrest 1 out of 20...
(ERROR) [2026-10-08 11:53:20,400] Error posting to Facebook: 400 Client Error: Bad Request for url: https://graph.facebook.com/v24.0/954450261086351/photos
(ERROR) [2026-10-08 11:53:20,400] Fatal error: 400 Client Error: Bad Request for url: https://graph.facebook.com/v24.0/954450261086351/photos
Traceback (most recent call last):
  File "/home/runner/work/facebook_auto_poster/facebook_auto_poster/facebook_auto_poster.py", line 217, in main
    new_batch = post_all_arrests(arrests, config)
                ^^^^^^^^^^^^^^^^^^^^^^^^^^^^^^^^^
  File "/home/runner/work/facebook_auto_poster/facebook_auto_poster/facebook_auto_poster.py", line 97, in post_all_arrests
    post_to_page(
  File "/home/runner/work/facebook_auto_poster/facebook_auto_poster/facebook_auto_poster.py", line 160, in post_to_page
    r.raise_for_status()
  File "/opt/hostedtoolcache/Python/3.12.14/x64/lib/python3.12/site-packages/requests/models.py", line 1021, in raise_for_status
    raise HTTPError(http_error_msg, response=self)
requests.exceptions.HTTPError: 400 Client Error: Bad Request for url: https://graph.facebook.com/v24.0/954450261086351/photos
